Your environment has been set up for using Node.js 19.5.0 (x64) and npm.

C:\Users\Админ> d:

D:\>cd it-incubator\react-kabzda-kak-prosto

D:\it-incubator\react-kabzda-kak-prosto>cd project

D:\it-incubator\react-kabzda-kak-prosto\project>01-first-project
"01-first-project" не является внутренней или внешней
командой, исполняемой программой или пакетным файлом.

D:\it-incubator\react-kabzda-kak-prosto\project>cd 01-first-project

D:\it-incubator\react-kabzda-kak-prosto\project\01-first-project>npx create-react-app my-app react-kabzda-1

Creating a new React app in D:\it-incubator\react-kabzda-kak-prosto\project\01-first-project\my-app.

Installing packages. This might take a couple of minutes.
Installing react, react-dom, and react-scripts with cra-template...


added 1416 packages in 58s

231 packages are looking for funding
  run `npm fund` for details
Git repo not initialized Error: Command failed: git --version
    at checkExecSyncError (node:child_process:885:11)
    at execSync (node:child_process:957:15)
    at tryGitInit (D:\it-incubator\react-kabzda-kak-prosto\project\01-first-project\my-app\node_modules\react-scripts\scripts\init.js:46:5)
    at module.exports (D:\it-incubator\react-kabzda-kak-prosto\project\01-first-project\my-app\node_modules\react-scripts\scripts\init.js:276:7)
    at [eval]:3:14
    at Script.runInThisContext (node:vm:128:12)
    at Object.runInThisContext (node:vm:306:38)
    at node:internal/process/execution:83:21
    at [eval]-wrapper:6:24 {
  status: 1,
  signal: null,
  output: [ null, null, null ],
  pid: 1488,
  stdout: null,
  stderr: null
}

Installing template dependencies using npm...

added 55 packages in 4s

231 packages are looking for funding
  run `npm fund` for details
Removing template package using npm...


removed 1 package, and audited 1471 packages in 3s

231 packages are looking for funding
  run `npm fund` for details

6 high severity vulnerabilities

To address all issues (including breaking changes), run:
  npm audit fix --force

Run `npm audit` for details.

Success! Created my-app at D:\it-incubator\react-kabzda-kak-prosto\project\01-first-project\my-app
Inside that directory, you can run several commands:

  npm start
    Starts the development server.

  npm run build
    Bundles the app into static files for production.

  npm test
    Starts the test runner.

  npm run eject
    Removes this tool and copies build dependencies, configuration files
    and scripts into the app directory. If you do this, you can’t go back!

We suggest that you begin by typing:

  cd my-app
  npm start

Happy hacking!

D:\it-incubator\react-kabzda-kak-prosto\project\01-first-project>cd my-app

D:\it-incubator\react-kabzda-kak-prosto\project\01-first-project\my-app>npm start

> my-app@0.1.0 start
> react-scripts start

(node:2456) [DEP_WEBPACK_DEV_SERVER_ON_AFTER_SETUP_MIDDLEWARE] DeprecationWarning: 'onAfterSetupMiddleware' option is deprecated. Please use the 'setupMiddlewares' option.
(Use `node --trace-deprecation ...` to show where the warning was created)
(node:2456) [DEP_WEBPACK_DEV_SERVER_ON_BEFORE_SETUP_MIDDLEWARE] DeprecationWarning: 'onBeforeSetupMiddleware' option is deprecated. Please use the 'setupMiddlewares' option.
Starting the development server...
Compiled successfully!

You can now view my-app in the browser.

  Local:            http://localhost:3000
  On Your Network:  http://192.168.5.110:3000

Note that the development build is not optimized.
To create a production build, use npm run build.

webpack compiled successfully
